// Jest Snapshot v1, https://goo.gl/fbAQLP

exports[`<Clock /> component test Clock dom render test 1`] = `
<Clock>
  <div
    className=" undefined"
    id="clock-view"
  >
    <time
      aria-label="2020 | 10 | 09 | 16:31"
      className="ClockComponent"
      dateTime="2020 | 10 | 09 | 16:31"
      role="menuitem"
    >
      <div
        className="clock-upper"
      >
        <bdi
          className="clockDigi-container"
        >
          <span
            className="hour clockDigi-box"
          >
            <span
              className="clockDigi clockDigi--time"
              data-now=""
            >
              <i
                aria-hidden="true"
                data-icon="numeric_0_rounded_semibold"
                key="key_0_rounded_semibold_1"
              />
              <i
                aria-hidden="true"
                data-icon="numeric_1_rounded_semibold"
                key="key_1_rounded_semibold_1"
              />
              <i
                aria-hidden="true"
                data-icon="numeric_2_rounded_semibold"
                key="key_2_rounded_semibold_1"
              />
              <i
                aria-hidden="true"
                data-icon="numeric_3_rounded_semibold"
                key="key_3_rounded_semibold_1"
              />
              <i
                aria-hidden="true"
                data-icon="numeric_4_rounded_semibold"
                key="key_4_rounded_semibold_1"
              />
              <i
                aria-hidden="true"
                data-icon="numeric_5_rounded_semibold"
                key="key_5_rounded_semibold_1"
              />
              <i
                aria-hidden="true"
                data-icon="numeric_6_rounded_semibold"
                key="key_6_rounded_semibold_1"
              />
              <i
                aria-hidden="true"
                data-icon="numeric_7_rounded_semibold"
                key="key_7_rounded_semibold_1"
              />
              <i
                aria-hidden="true"
                data-icon="numeric_8_rounded_semibold"
                key="key_8_rounded_semibold_1"
              />
              <i
                aria-hidden="true"
                data-icon="numeric_9_rounded_semibold"
                key="key_9_rounded_semibold_1"
              />
            </span>
            <span
              className="clockDigi clockDigi--time"
              data-now="9"
            >
              <i
                aria-hidden="true"
                data-icon="numeric_0_rounded_semibold"
                key="key_0_rounded_semibold_1"
              />
              <i
                aria-hidden="true"
                data-icon="numeric_1_rounded_semibold"
                key="key_1_rounded_semibold_1"
              />
              <i
                aria-hidden="true"
                data-icon="numeric_2_rounded_semibold"
                key="key_2_rounded_semibold_1"
              />
              <i
                aria-hidden="true"
                data-icon="numeric_3_rounded_semibold"
                key="key_3_rounded_semibold_1"
              />
              <i
                aria-hidden="true"
                data-icon="numeric_4_rounded_semibold"
                key="key_4_rounded_semibold_1"
              />
              <i
                aria-hidden="true"
                data-icon="numeric_5_rounded_semibold"
                key="key_5_rounded_semibold_1"
              />
              <i
                aria-hidden="true"
                data-icon="numeric_6_rounded_semibold"
                key="key_6_rounded_semibold_1"
              />
              <i
                aria-hidden="true"
                data-icon="numeric_7_rounded_semibold"
                key="key_7_rounded_semibold_1"
              />
              <i
                aria-hidden="true"
                data-icon="numeric_8_rounded_semibold"
                key="key_8_rounded_semibold_1"
              />
              <i
                aria-hidden="true"
                data-icon="numeric_9_rounded_semibold"
                key="key_9_rounded_semibold_1"
              />
            </span>
          </span>
          <div
            className="clock-colon"
          />
          <span
            className="minute clockDigi-box"
          >
            <span
              className="clockDigi clockDigi--time"
              data-now="1"
            >
              <i
                aria-hidden="true"
                data-icon="numeric_0_rounded_semibold"
                key="key_0_rounded_semibold_1"
              />
              <i
                aria-hidden="true"
                data-icon="numeric_1_rounded_semibold"
                key="key_1_rounded_semibold_1"
              />
              <i
                aria-hidden="true"
                data-icon="numeric_2_rounded_semibold"
                key="key_2_rounded_semibold_1"
              />
              <i
                aria-hidden="true"
                data-icon="numeric_3_rounded_semibold"
                key="key_3_rounded_semibold_1"
              />
              <i
                aria-hidden="true"
                data-icon="numeric_4_rounded_semibold"
                key="key_4_rounded_semibold_1"
              />
              <i
                aria-hidden="true"
                data-icon="numeric_5_rounded_semibold"
                key="key_5_rounded_semibold_1"
              />
              <i
                aria-hidden="true"
                data-icon="numeric_6_rounded_semibold"
                key="key_6_rounded_semibold_1"
              />
              <i
                aria-hidden="true"
                data-icon="numeric_7_rounded_semibold"
                key="key_7_rounded_semibold_1"
              />
              <i
                aria-hidden="true"
                data-icon="numeric_8_rounded_semibold"
                key="key_8_rounded_semibold_1"
              />
              <i
                aria-hidden="true"
                data-icon="numeric_9_rounded_semibold"
                key="key_9_rounded_semibold_1"
              />
            </span>
            <span
              className="clockDigi clockDigi--time"
              data-now="6"
            >
              <i
                aria-hidden="true"
                data-icon="numeric_0_rounded_semibold"
                key="key_0_rounded_semibold_1"
              />
              <i
                aria-hidden="true"
                data-icon="numeric_1_rounded_semibold"
                key="key_1_rounded_semibold_1"
              />
              <i
                aria-hidden="true"
                data-icon="numeric_2_rounded_semibold"
                key="key_2_rounded_semibold_1"
              />
              <i
                aria-hidden="true"
                data-icon="numeric_3_rounded_semibold"
                key="key_3_rounded_semibold_1"
              />
              <i
                aria-hidden="true"
                data-icon="numeric_4_rounded_semibold"
                key="key_4_rounded_semibold_1"
              />
              <i
                aria-hidden="true"
                data-icon="numeric_5_rounded_semibold"
                key="key_5_rounded_semibold_1"
              />
              <i
                aria-hidden="true"
                data-icon="numeric_6_rounded_semibold"
                key="key_6_rounded_semibold_1"
              />
              <i
                aria-hidden="true"
                data-icon="numeric_7_rounded_semibold"
                key="key_7_rounded_semibold_1"
              />
              <i
                aria-hidden="true"
                data-icon="numeric_8_rounded_semibold"
                key="key_8_rounded_semibold_1"
              />
              <i
                aria-hidden="true"
                data-icon="numeric_9_rounded_semibold"
                key="key_9_rounded_semibold_1"
              />
            </span>
          </span>
        </bdi>
        <div
          className="clock-ampm primary"
          data-hour-24={false}
        >
          10
        </div>
      </div>
      <hr
        className="clock-divider"
      />
      <div
        className="date primary"
      >
        2020
      </div>
    </time>
  </div>
</Clock>
`;

exports[`<Clock /> component test timechange should change state value and change dom 1`] = `
<Clock>
  <div
    className=" undefined"
    id="clock-view"
  >
    <time
      aria-label="2019 | 11 | 10 | 13:22"
      className="ClockComponent"
      dateTime="2019 | 11 | 10 | 13:22"
      role="menuitem"
    >
      <div
        className="clock-upper"
      >
        <bdi
          className="clockDigi-container"
        >
          <span
            className="hour clockDigi-box"
          >
            <span
              className="clockDigi clockDigi--time"
              data-now="1"
            >
              <i
                aria-hidden="true"
                data-icon="numeric_0_rounded_semibold"
                key="key_0_rounded_semibold_1"
              />
              <i
                aria-hidden="true"
                data-icon="numeric_1_rounded_semibold"
                key="key_1_rounded_semibold_1"
              />
              <i
                aria-hidden="true"
                data-icon="numeric_2_rounded_semibold"
                key="key_2_rounded_semibold_1"
              />
              <i
                aria-hidden="true"
                data-icon="numeric_3_rounded_semibold"
                key="key_3_rounded_semibold_1"
              />
              <i
                aria-hidden="true"
                data-icon="numeric_4_rounded_semibold"
                key="key_4_rounded_semibold_1"
              />
              <i
                aria-hidden="true"
                data-icon="numeric_5_rounded_semibold"
                key="key_5_rounded_semibold_1"
              />
              <i
                aria-hidden="true"
                data-icon="numeric_6_rounded_semibold"
                key="key_6_rounded_semibold_1"
              />
              <i
                aria-hidden="true"
                data-icon="numeric_7_rounded_semibold"
                key="key_7_rounded_semibold_1"
              />
              <i
                aria-hidden="true"
                data-icon="numeric_8_rounded_semibold"
                key="key_8_rounded_semibold_1"
              />
              <i
                aria-hidden="true"
                data-icon="numeric_9_rounded_semibold"
                key="key_9_rounded_semibold_1"
              />
            </span>
            <span
              className="clockDigi clockDigi--time"
              data-now="0"
            >
              <i
                aria-hidden="true"
                data-icon="numeric_0_rounded_semibold"
                key="key_0_rounded_semibold_1"
              />
              <i
                aria-hidden="true"
                data-icon="numeric_1_rounded_semibold"
                key="key_1_rounded_semibold_1"
              />
              <i
                aria-hidden="true"
                data-icon="numeric_2_rounded_semibold"
                key="key_2_rounded_semibold_1"
              />
              <i
                aria-hidden="true"
                data-icon="numeric_3_rounded_semibold"
                key="key_3_rounded_semibold_1"
              />
              <i
                aria-hidden="true"
                data-icon="numeric_4_rounded_semibold"
                key="key_4_rounded_semibold_1"
              />
              <i
                aria-hidden="true"
                data-icon="numeric_5_rounded_semibold"
                key="key_5_rounded_semibold_1"
              />
              <i
                aria-hidden="true"
                data-icon="numeric_6_rounded_semibold"
                key="key_6_rounded_semibold_1"
              />
              <i
                aria-hidden="true"
                data-icon="numeric_7_rounded_semibold"
                key="key_7_rounded_semibold_1"
              />
              <i
                aria-hidden="true"
                data-icon="numeric_8_rounded_semibold"
                key="key_8_rounded_semibold_1"
              />
              <i
                aria-hidden="true"
                data-icon="numeric_9_rounded_semibold"
                key="key_9_rounded_semibold_1"
              />
            </span>
          </span>
          <div
            className="clock-colon"
          />
          <span
            className="minute clockDigi-box"
          >
            <span
              className="clockDigi clockDigi--time"
              data-now="1"
            >
              <i
                aria-hidden="true"
                data-icon="numeric_0_rounded_semibold"
                key="key_0_rounded_semibold_1"
              />
              <i
                aria-hidden="true"
                data-icon="numeric_1_rounded_semibold"
                key="key_1_rounded_semibold_1"
              />
              <i
                aria-hidden="true"
                data-icon="numeric_2_rounded_semibold"
                key="key_2_rounded_semibold_1"
              />
              <i
                aria-hidden="true"
                data-icon="numeric_3_rounded_semibold"
                key="key_3_rounded_semibold_1"
              />
              <i
                aria-hidden="true"
                data-icon="numeric_4_rounded_semibold"
                key="key_4_rounded_semibold_1"
              />
              <i
                aria-hidden="true"
                data-icon="numeric_5_rounded_semibold"
                key="key_5_rounded_semibold_1"
              />
              <i
                aria-hidden="true"
                data-icon="numeric_6_rounded_semibold"
                key="key_6_rounded_semibold_1"
              />
              <i
                aria-hidden="true"
                data-icon="numeric_7_rounded_semibold"
                key="key_7_rounded_semibold_1"
              />
              <i
                aria-hidden="true"
                data-icon="numeric_8_rounded_semibold"
                key="key_8_rounded_semibold_1"
              />
              <i
                aria-hidden="true"
                data-icon="numeric_9_rounded_semibold"
                key="key_9_rounded_semibold_1"
              />
            </span>
            <span
              className="clockDigi clockDigi--time"
              data-now="3"
            >
              <i
                aria-hidden="true"
                data-icon="numeric_0_rounded_semibold"
                key="key_0_rounded_semibold_1"
              />
              <i
                aria-hidden="true"
                data-icon="numeric_1_rounded_semibold"
                key="key_1_rounded_semibold_1"
              />
              <i
                aria-hidden="true"
                data-icon="numeric_2_rounded_semibold"
                key="key_2_rounded_semibold_1"
              />
              <i
                aria-hidden="true"
                data-icon="numeric_3_rounded_semibold"
                key="key_3_rounded_semibold_1"
              />
              <i
                aria-hidden="true"
                data-icon="numeric_4_rounded_semibold"
                key="key_4_rounded_semibold_1"
              />
              <i
                aria-hidden="true"
                data-icon="numeric_5_rounded_semibold"
                key="key_5_rounded_semibold_1"
              />
              <i
                aria-hidden="true"
                data-icon="numeric_6_rounded_semibold"
                key="key_6_rounded_semibold_1"
              />
              <i
                aria-hidden="true"
                data-icon="numeric_7_rounded_semibold"
                key="key_7_rounded_semibold_1"
              />
              <i
                aria-hidden="true"
                data-icon="numeric_8_rounded_semibold"
                key="key_8_rounded_semibold_1"
              />
              <i
                aria-hidden="true"
                data-icon="numeric_9_rounded_semibold"
                key="key_9_rounded_semibold_1"
              />
            </span>
          </span>
        </bdi>
        <div
          className="clock-ampm primary"
          data-hour-24={false}
        >
          11
        </div>
      </div>
      <hr
        className="clock-divider"
      />
      <div
        className="date primary"
      >
        2019
      </div>
    </time>
  </div>
</Clock>
`;

exports[`<Clock /> component test screenchange should change state value and change dom 1`] = `
<Clock>
  <div
    className=" undefined"
    id="clock-view"
  >
    <time
      aria-label="2018 | 12 | 11 | 14:33"
      className="ClockComponent"
      dateTime="2018 | 12 | 11 | 14:33"
      role="menuitem"
    >
      <div
        className="clock-upper"
      >
        <bdi
          className="clockDigi-container"
        >
          <span
            className="hour clockDigi-box"
          >
            <span
              className="clockDigi clockDigi--time"
              data-now="1"
            >
              <i
                aria-hidden="true"
                data-icon="numeric_0_rounded_semibold"
                key="key_0_rounded_semibold_1"
              />
              <i
                aria-hidden="true"
                data-icon="numeric_1_rounded_semibold"
                key="key_1_rounded_semibold_1"
              />
              <i
                aria-hidden="true"
                data-icon="numeric_2_rounded_semibold"
                key="key_2_rounded_semibold_1"
              />
              <i
                aria-hidden="true"
                data-icon="numeric_3_rounded_semibold"
                key="key_3_rounded_semibold_1"
              />
              <i
                aria-hidden="true"
                data-icon="numeric_4_rounded_semibold"
                key="key_4_rounded_semibold_1"
              />
              <i
                aria-hidden="true"
                data-icon="numeric_5_rounded_semibold"
                key="key_5_rounded_semibold_1"
              />
              <i
                aria-hidden="true"
                data-icon="numeric_6_rounded_semibold"
                key="key_6_rounded_semibold_1"
              />
              <i
                aria-hidden="true"
                data-icon="numeric_7_rounded_semibold"
                key="key_7_rounded_semibold_1"
              />
              <i
                aria-hidden="true"
                data-icon="numeric_8_rounded_semibold"
                key="key_8_rounded_semibold_1"
              />
              <i
                aria-hidden="true"
                data-icon="numeric_9_rounded_semibold"
                key="key_9_rounded_semibold_1"
              />
            </span>
            <span
              className="clockDigi clockDigi--time"
              data-now="1"
            >
              <i
                aria-hidden="true"
                data-icon="numeric_0_rounded_semibold"
                key="key_0_rounded_semibold_1"
              />
              <i
                aria-hidden="true"
                data-icon="numeric_1_rounded_semibold"
                key="key_1_rounded_semibold_1"
              />
              <i
                aria-hidden="true"
                data-icon="numeric_2_rounded_semibold"
                key="key_2_rounded_semibold_1"
              />
              <i
                aria-hidden="true"
                data-icon="numeric_3_rounded_semibold"
                key="key_3_rounded_semibold_1"
              />
              <i
                aria-hidden="true"
                data-icon="numeric_4_rounded_semibold"
                key="key_4_rounded_semibold_1"
              />
              <i
                aria-hidden="true"
                data-icon="numeric_5_rounded_semibold"
                key="key_5_rounded_semibold_1"
              />
              <i
                aria-hidden="true"
                data-icon="numeric_6_rounded_semibold"
                key="key_6_rounded_semibold_1"
              />
              <i
                aria-hidden="true"
                data-icon="numeric_7_rounded_semibold"
                key="key_7_rounded_semibold_1"
              />
              <i
                aria-hidden="true"
                data-icon="numeric_8_rounded_semibold"
                key="key_8_rounded_semibold_1"
              />
              <i
                aria-hidden="true"
                data-icon="numeric_9_rounded_semibold"
                key="key_9_rounded_semibold_1"
              />
            </span>
          </span>
          <div
            className="clock-colon"
          />
          <span
            className="minute clockDigi-box"
          >
            <span
              className="clockDigi clockDigi--time"
              data-now="1"
            >
              <i
                aria-hidden="true"
                data-icon="numeric_0_rounded_semibold"
                key="key_0_rounded_semibold_1"
              />
              <i
                aria-hidden="true"
                data-icon="numeric_1_rounded_semibold"
                key="key_1_rounded_semibold_1"
              />
              <i
                aria-hidden="true"
                data-icon="numeric_2_rounded_semibold"
                key="key_2_rounded_semibold_1"
              />
              <i
                aria-hidden="true"
                data-icon="numeric_3_rounded_semibold"
                key="key_3_rounded_semibold_1"
              />
              <i
                aria-hidden="true"
                data-icon="numeric_4_rounded_semibold"
                key="key_4_rounded_semibold_1"
              />
              <i
                aria-hidden="true"
                data-icon="numeric_5_rounded_semibold"
                key="key_5_rounded_semibold_1"
              />
              <i
                aria-hidden="true"
                data-icon="numeric_6_rounded_semibold"
                key="key_6_rounded_semibold_1"
              />
              <i
                aria-hidden="true"
                data-icon="numeric_7_rounded_semibold"
                key="key_7_rounded_semibold_1"
              />
              <i
                aria-hidden="true"
                data-icon="numeric_8_rounded_semibold"
                key="key_8_rounded_semibold_1"
              />
              <i
                aria-hidden="true"
                data-icon="numeric_9_rounded_semibold"
                key="key_9_rounded_semibold_1"
              />
            </span>
            <span
              className="clockDigi clockDigi--time"
              data-now="4"
            >
              <i
                aria-hidden="true"
                data-icon="numeric_0_rounded_semibold"
                key="key_0_rounded_semibold_1"
              />
              <i
                aria-hidden="true"
                data-icon="numeric_1_rounded_semibold"
                key="key_1_rounded_semibold_1"
              />
              <i
                aria-hidden="true"
                data-icon="numeric_2_rounded_semibold"
                key="key_2_rounded_semibold_1"
              />
              <i
                aria-hidden="true"
                data-icon="numeric_3_rounded_semibold"
                key="key_3_rounded_semibold_1"
              />
              <i
                aria-hidden="true"
                data-icon="numeric_4_rounded_semibold"
                key="key_4_rounded_semibold_1"
              />
              <i
                aria-hidden="true"
                data-icon="numeric_5_rounded_semibold"
                key="key_5_rounded_semibold_1"
              />
              <i
                aria-hidden="true"
                data-icon="numeric_6_rounded_semibold"
                key="key_6_rounded_semibold_1"
              />
              <i
                aria-hidden="true"
                data-icon="numeric_7_rounded_semibold"
                key="key_7_rounded_semibold_1"
              />
              <i
                aria-hidden="true"
                data-icon="numeric_8_rounded_semibold"
                key="key_8_rounded_semibold_1"
              />
              <i
                aria-hidden="true"
                data-icon="numeric_9_rounded_semibold"
                key="key_9_rounded_semibold_1"
              />
            </span>
          </span>
        </bdi>
        <div
          className="clock-ampm primary"
          data-hour-24={false}
        >
          12
        </div>
      </div>
      <hr
        className="clock-divider"
      />
      <div
        className="date primary"
      >
        2018
      </div>
    </time>
  </div>
</Clock>
`;

exports[`<Clock /> component test timeformatchange should change state value and change dom 1`] = `
<Clock>
  <div
    className=" undefined"
    id="clock-view"
  >
    <time
      aria-label="2015 | 13 | 16 | 20:59"
      className="ClockComponent"
      dateTime="2015 | 13 | 16 | 20:59"
      role="menuitem"
    >
      <div
        className="clock-upper"
      >
        <bdi
          className="clockDigi-container"
        >
          <span
            className="hour clockDigi-box"
          >
            <span
              className="clockDigi clockDigi--time"
              data-now="1"
            >
              <i
                aria-hidden="true"
                data-icon="numeric_0_rounded_semibold"
                key="key_0_rounded_semibold_1"
              />
              <i
                aria-hidden="true"
                data-icon="numeric_1_rounded_semibold"
                key="key_1_rounded_semibold_1"
              />
              <i
                aria-hidden="true"
                data-icon="numeric_2_rounded_semibold"
                key="key_2_rounded_semibold_1"
              />
              <i
                aria-hidden="true"
                data-icon="numeric_3_rounded_semibold"
                key="key_3_rounded_semibold_1"
              />
              <i
                aria-hidden="true"
                data-icon="numeric_4_rounded_semibold"
                key="key_4_rounded_semibold_1"
              />
              <i
                aria-hidden="true"
                data-icon="numeric_5_rounded_semibold"
                key="key_5_rounded_semibold_1"
              />
              <i
                aria-hidden="true"
                data-icon="numeric_6_rounded_semibold"
                key="key_6_rounded_semibold_1"
              />
              <i
                aria-hidden="true"
                data-icon="numeric_7_rounded_semibold"
                key="key_7_rounded_semibold_1"
              />
              <i
                aria-hidden="true"
                data-icon="numeric_8_rounded_semibold"
                key="key_8_rounded_semibold_1"
              />
              <i
                aria-hidden="true"
                data-icon="numeric_9_rounded_semibold"
                key="key_9_rounded_semibold_1"
              />
            </span>
            <span
              className="clockDigi clockDigi--time"
              data-now="6"
            >
              <i
                aria-hidden="true"
                data-icon="numeric_0_rounded_semibold"
                key="key_0_rounded_semibold_1"
              />
              <i
                aria-hidden="true"
                data-icon="numeric_1_rounded_semibold"
                key="key_1_rounded_semibold_1"
              />
              <i
                aria-hidden="true"
                data-icon="numeric_2_rounded_semibold"
                key="key_2_rounded_semibold_1"
              />
              <i
                aria-hidden="true"
                data-icon="numeric_3_rounded_semibold"
                key="key_3_rounded_semibold_1"
              />
              <i
                aria-hidden="true"
                data-icon="numeric_4_rounded_semibold"
                key="key_4_rounded_semibold_1"
              />
              <i
                aria-hidden="true"
                data-icon="numeric_5_rounded_semibold"
                key="key_5_rounded_semibold_1"
              />
              <i
                aria-hidden="true"
                data-icon="numeric_6_rounded_semibold"
                key="key_6_rounded_semibold_1"
              />
              <i
                aria-hidden="true"
                data-icon="numeric_7_rounded_semibold"
                key="key_7_rounded_semibold_1"
              />
              <i
                aria-hidden="true"
                data-icon="numeric_8_rounded_semibold"
                key="key_8_rounded_semibold_1"
              />
              <i
                aria-hidden="true"
                data-icon="numeric_9_rounded_semibold"
                key="key_9_rounded_semibold_1"
              />
            </span>
          </span>
          <div
            className="clock-colon"
          />
          <span
            className="minute clockDigi-box"
          >
            <span
              className="clockDigi clockDigi--time"
              data-now="2"
            >
              <i
                aria-hidden="true"
                data-icon="numeric_0_rounded_semibold"
                key="key_0_rounded_semibold_1"
              />
              <i
                aria-hidden="true"
                data-icon="numeric_1_rounded_semibold"
                key="key_1_rounded_semibold_1"
              />
              <i
                aria-hidden="true"
                data-icon="numeric_2_rounded_semibold"
                key="key_2_rounded_semibold_1"
              />
              <i
                aria-hidden="true"
                data-icon="numeric_3_rounded_semibold"
                key="key_3_rounded_semibold_1"
              />
              <i
                aria-hidden="true"
                data-icon="numeric_4_rounded_semibold"
                key="key_4_rounded_semibold_1"
              />
              <i
                aria-hidden="true"
                data-icon="numeric_5_rounded_semibold"
                key="key_5_rounded_semibold_1"
              />
              <i
                aria-hidden="true"
                data-icon="numeric_6_rounded_semibold"
                key="key_6_rounded_semibold_1"
              />
              <i
                aria-hidden="true"
                data-icon="numeric_7_rounded_semibold"
                key="key_7_rounded_semibold_1"
              />
              <i
                aria-hidden="true"
                data-icon="numeric_8_rounded_semibold"
                key="key_8_rounded_semibold_1"
              />
              <i
                aria-hidden="true"
                data-icon="numeric_9_rounded_semibold"
                key="key_9_rounded_semibold_1"
              />
            </span>
            <span
              className="clockDigi clockDigi--time"
              data-now="0"
            >
              <i
                aria-hidden="true"
                data-icon="numeric_0_rounded_semibold"
                key="key_0_rounded_semibold_1"
              />
              <i
                aria-hidden="true"
                data-icon="numeric_1_rounded_semibold"
                key="key_1_rounded_semibold_1"
              />
              <i
                aria-hidden="true"
                data-icon="numeric_2_rounded_semibold"
                key="key_2_rounded_semibold_1"
              />
              <i
                aria-hidden="true"
                data-icon="numeric_3_rounded_semibold"
                key="key_3_rounded_semibold_1"
              />
              <i
                aria-hidden="true"
                data-icon="numeric_4_rounded_semibold"
                key="key_4_rounded_semibold_1"
              />
              <i
                aria-hidden="true"
                data-icon="numeric_5_rounded_semibold"
                key="key_5_rounded_semibold_1"
              />
              <i
                aria-hidden="true"
                data-icon="numeric_6_rounded_semibold"
                key="key_6_rounded_semibold_1"
              />
              <i
                aria-hidden="true"
                data-icon="numeric_7_rounded_semibold"
                key="key_7_rounded_semibold_1"
              />
              <i
                aria-hidden="true"
                data-icon="numeric_8_rounded_semibold"
                key="key_8_rounded_semibold_1"
              />
              <i
                aria-hidden="true"
                data-icon="numeric_9_rounded_semibold"
                key="key_9_rounded_semibold_1"
              />
            </span>
          </span>
        </bdi>
        <div
          className="clock-ampm primary"
          data-hour-24={false}
        >
          13
        </div>
      </div>
      <hr
        className="clock-divider"
      />
      <div
        className="date primary"
      >
        2015
      </div>
    </time>
  </div>
</Clock>
`;
